
> web@0.1.0 build
> next build

⚠ Warning: Next.js inferred your workspace root, but it may not be correct.
 We detected multiple lockfiles and selected the directory of /Users/yudhistherkumar/Downloads/mk/package-lock.json as the root directory.
 To silence this warning, set `turbopack.root` in your Next.js config, or consider removing one of the lockfiles if it's not needed.
   See https://nextjs.org/docs/app/api-reference/config/next-config-js/turbopack#root-directory for more information.
 Detected additional lockfiles: 
   * /Users/yudhistherkumar/Downloads/mk/opsora/package-lock.json

▲ Next.js 16.2.10 (Turbopack)

⚠ The "middleware" file convention is deprecated. Please use "proxy" instead. Learn more: https://nextjs.org/docs/messages/middleware-to-proxy
  Creating an optimized production build ...
✓ Compiled successfully in 5.2s
  Running TypeScript ...
npm error Lifecycle script `build` failed with error:
npm error code 130
npm error path /Users/yudhistherkumar/Downloads/mk/opsora/apps/web
npm error workspace web@0.1.0
npm error location /Users/yudhistherkumar/Downloads/mk/opsora/apps/web
npm error command failed
npm error command sh -c next build
